Cycle:0. Testing advanced ALU mux for the CPU. b = 55, intermediate = 35 useIntermediate = 1, correctB = 35
Cycle:1. Testing advanced ALU mux for the CPU. b = 55, intermediate = 35 useIntermediate = 0, correctB = 55
